
> github-clone-react@0.0.0 dev
> vite

12:21:06 pm [vite] (client) Re-optimizing dependencies because lockfile has changed

  VITE v8.1.5  ready in 478 ms

  ➜  Local:   http://localhost:5173/
  ➜  Network: use --host to expose
12:21:24 pm [vite] (client) [console.warn] You're attempting to animate multiple children within AnimatePresence, but its mode is set to "wait". This will lead to odd visual behaviour.
12:21:24 pm [vite] (client) [console.warn] You're attempting to animate multiple children within AnimatePresence, but its mode is set to "wait". This will lead to odd visual behaviour.
12:21:35 pm [vite] (client) [console.error] Maximum update depth exceeded. This can happen when a component calls setState inside useEffect, but useEffect either doesn't have a dependency array, or one of the dependencies changes on every render.
12:21:35 pm [vite] (client) [console.error] Maximum update depth exceeded. This can happen when a component calls setState inside useEffect, but useEffect either doesn't have a dependency array, or one of the dependencies changes on every render.
12:21:35 pm [vite] (client) [console.error] Maximum update depth exceeded. This can happen when a component calls setState inside useEffect, but useEffect either doesn't have a dependency array, or one of the dependencies changes on every render.
12:21:38 pm [vite] (client) [console.warn] You're attempting to animate multiple children within AnimatePresence, but its mode is set to "wait". This will lead to odd visual behaviour.
12:21:38 pm [vite] (client) [console.warn] You're attempting to animate multiple children within AnimatePresence, but its mode is set to "wait". This will lead to odd visual behaviour.
12:21:48 pm [vite] (client) [console.error] Maximum update depth exceeded. This can happen when a component calls setState inside useEffect, but useEffect either doesn't have a dependency array, or one of the dependencies changes on every render.
12:21:50 pm [vite] (client) [console.warn] You're attempting to animate multiple children within AnimatePresence, but its mode is set to "wait". This will lead to odd visual behaviour.
12:21:50 pm [vite] (client) [console.warn] You're attempting to animate multiple children within AnimatePresence, but its mode is set to "wait". This will lead to odd visual behaviour.
12:22:11 pm [vite] (client) [console.error] Maximum update depth exceeded. This can happen when a component calls setState inside useEffect, but useEffect either doesn't have a dependency array, or one of the dependencies changes on every render.
12:23:47 pm [vite] (client) hmr update /src/index.css, /src/App.jsx, /src/layouts/MainLayout.jsx, /src/pages/Settings.jsx
12:23:57 pm [vite] (client) hmr update /src/index.css, /src/App.jsx, /src/layouts/MainLayout.jsx, /src/pages/Settings.jsx
12:24:05 pm [vite] (client) hmr update /src/index.css, /src/context/AuthContext.jsx
12:24:05 pm [vite] (client) hmr invalidate /src/context/AuthContext.jsx Could not Fast Refresh ("AuthContext" export is incompatible). Learn more at https://github.com/vitejs/vite-plugin-react/tree/main/packages/plugin-react#consistent-components-exports
12:24:05 pm [vite] (client) hmr update /src/App.jsx, /src/routes/ProtectedRoute.jsx, /src/pages/VerifyEmail.jsx, /src/pages/Login.jsx, /src/pages/ForgotPassword.jsx, /src/pages/Register.jsx
12:24:31 pm [vite] (client) hmr update /src/index.css, /src/context/AuthContext.jsx
12:24:31 pm [vite] (client) hmr invalidate /src/context/AuthContext.jsx Could not Fast Refresh ("AuthContext" export is incompatible). Learn more at https://github.com/vitejs/vite-plugin-react/tree/main/packages/plugin-react#consistent-components-exports
12:24:31 pm [vite] (client) hmr update /src/App.jsx, /src/routes/ProtectedRoute.jsx, /src/pages/VerifyEmail.jsx, /src/pages/Login.jsx, /src/pages/ForgotPassword.jsx, /src/pages/Register.jsx
12:24:42 pm [vite] (client) hmr update /src/index.css, /src/layouts/MainLayout.jsx
12:24:58 pm [vite] (client) hmr update /src/index.css, /src/layouts/MainLayout.jsx
12:25:02 pm [vite] (client) hmr update /src/index.css, /src/layouts/MainLayout.jsx
12:26:22 pm [vite] (client) [console.warn] You're attempting to animate multiple children within AnimatePresence, but its mode is set to "wait". This will lead to odd visual behaviour.
12:26:22 pm [vite] (client) [console.warn] You're attempting to animate multiple children within AnimatePresence, but its mode is set to "wait". This will lead to odd visual behaviour.
12:26:32 pm [vite] (client) [console.warn] You're attempting to animate multiple children within AnimatePresence, but its mode is set to "wait". This will lead to odd visual behaviour.
12:26:32 pm [vite] (client) [console.warn] You're attempting to animate multiple children within AnimatePresence, but its mode is set to "wait". This will lead to odd visual behaviour.
12:26:43 pm [vite] (client) [console.warn] You're attempting to animate multiple children within AnimatePresence, but its mode is set to "wait". This will lead to odd visual behaviour.
12:26:43 pm [vite] (client) [console.warn] You're attempting to animate multiple children within AnimatePresence, but its mode is set to "wait". This will lead to odd visual behaviour.
12:26:54 pm [vite] (client) [console.warn] You're attempting to animate multiple children within AnimatePresence, but its mode is set to "wait". This will lead to odd visual behaviour.
12:26:54 pm [vite] (client) [console.warn] You're attempting to animate multiple children within AnimatePresence, but its mode is set to "wait". This will lead to odd visual behaviour.
12:26:57 pm [vite] (client) [console.warn] You're attempting to animate multiple children within AnimatePresence, but its mode is set to "wait". This will lead to odd visual behaviour.
12:26:57 pm [vite] (client) [console.warn] You're attempting to animate multiple children within AnimatePresence, but its mode is set to "wait". This will lead to odd visual behaviour.
12:27:02 pm [vite] (client) [console.warn] You're attempting to animate multiple children within AnimatePresence, but its mode is set to "wait". This will lead to odd visual behaviour.
12:27:02 pm [vite] (client) [console.warn] You're attempting to animate multiple children within AnimatePresence, but its mode is set to "wait". This will lead to odd visual behaviour.
12:27:04 pm [vite] (client) [console.warn] You're attempting to animate multiple children within AnimatePresence, but its mode is set to "wait". This will lead to odd visual behaviour.
12:27:04 pm [vite] (client) [console.warn] You're attempting to animate multiple children within AnimatePresence, but its mode is set to "wait". This will lead to odd visual behaviour.
12:27:05 pm [vite] (client) [console.warn] You're attempting to animate multiple children within AnimatePresence, but its mode is set to "wait". This will lead to odd visual behaviour.
12:27:05 pm [vite] (client) [console.warn] You're attempting to animate multiple children within AnimatePresence, but its mode is set to "wait". This will lead to odd visual behaviour.
12:28:12 pm [vite] (client) [console.warn] You're attempting to animate multiple children within AnimatePresence, but its mode is set to "wait". This will lead to odd visual behaviour.
12:28:12 pm [vite] (client) [console.warn] You're attempting to animate multiple children within AnimatePresence, but its mode is set to "wait". This will lead to odd visual behaviour.
12:29:01 pm [vite] (client) [Unhandled error] TypeError: Cannot read properties of undefined (reading 'toLocaleString')
 > Profile src/pages/Profile.jsx:58:95
    56 |          <div className="flex items-center gap-1.5 text-xs font-semibold text-github-light-textMuted dark:text-github-...
    57 |            <Users size={14} />
    58 |            <span className="text-github-light-text dark:text-github-dark-text">{user?.followers.toLocaleString()}</span>
       |                                                                                                 ^
    59 |            <span>followers</span>
    60 |            <span>·</span>
 > Object.react_stack_bottom_frame node_modules/react-dom/cjs/react-dom-client.development.js:25904:19
 > renderWithHooks node_modules/react-dom/cjs/react-dom-client.development.js:7662:21
 > updateFunctionComponent node_modules/react-dom/cjs/react-dom-client.development.js:10166:18
 > beginWork node_modules/react-dom/cjs/react-dom-client.development.js:11778:17
 > runWithFiberInDEV node_modules/react-dom/cjs/react-dom-client.development.js:871:29
 > performUnitOfWork node_modules/react-dom/cjs/react-dom-client.development.js:17641:21
 > workLoopSync node_modules/react-dom/cjs/react-dom-client.development.js:17469:40
 > renderRootSync node_modules/react-dom/cjs/react-dom-client.development.js:17450:10
 > performWorkOnRoot node_modules/react-dom/cjs/react-dom-client.development.js:16583:34

12:29:01 pm [vite] (client) [console.warn] An error occurred in the <Profile> component.

Consider adding an error boundary to your tree to customize error handling behavior.
Visit https://react.dev/link/error-boundaries to learn more about error boundaries.

12:29:24 pm [vite] (client) [console.warn] You're attempting to animate multiple children within AnimatePresence, but its mode is set to "wait". This will lead to odd visual behaviour.
12:29:24 pm [vite] (client) [console.warn] You're attempting to animate multiple children within AnimatePresence, but its mode is set to "wait". This will lead to odd visual behaviour.
12:29:34 pm [vite] (client) [console.warn] You're attempting to animate multiple children within AnimatePresence, but its mode is set to "wait". This will lead to odd visual behaviour.
12:29:34 pm [vite] (client) [console.warn] You're attempting to animate multiple children within AnimatePresence, but its mode is set to "wait". This will lead to odd visual behaviour.
12:29:40 pm [vite] (client) [console.warn] You're attempting to animate multiple children within AnimatePresence, but its mode is set to "wait". This will lead to odd visual behaviour.
12:29:40 pm [vite] (client) [console.warn] You're attempting to animate multiple children within AnimatePresence, but its mode is set to "wait". This will lead to odd visual behaviour.
12:30:26 pm [vite] (client) [console.warn] You're attempting to animate multiple children within AnimatePresence, but its mode is set to "wait". This will lead to odd visual behaviour.
12:30:26 pm [vite] (client) [console.warn] You're attempting to animate multiple children within AnimatePresence, but its mode is set to "wait". This will lead to odd visual behaviour.
12:30:44 pm [vite] (client) [console.warn] You're attempting to animate multiple children within AnimatePresence, but its mode is set to "wait". This will lead to odd visual behaviour.
12:30:44 pm [vite] (client) [console.warn] You're attempting to animate multiple children within AnimatePresence, but its mode is set to "wait". This will lead to odd visual behaviour.
12:34:59 pm [vite] (client) hmr update /src/index.css, /src/layouts/AuthLayout.jsx
12:34:59 pm [vite] (client) hmr update /src/index.css, /src/pages/Login.jsx
12:34:59 pm [vite] (client) hmr update /src/index.css, /src/pages/Register.jsx
12:34:59 pm [vite] (client) hmr update /src/index.css, /src/pages/ForgotPassword.jsx
12:34:59 pm [vite] (client) [console.error] [vite] Failed to reload /src/layouts/AuthLayout.jsx. This could be due to syntax errors or importing non-existent modules. (see errors above)
12:34:59 pm [vite] (client) [console.error] [vite] Failed to reload /src/pages/Login.jsx. This could be due to syntax errors or importing non-existent modules. (see errors above)
12:34:59 pm [vite] (client) [console.error] [vite] Failed to reload /src/pages/Register.jsx. This could be due to syntax errors or importing non-existent modules. (see errors above)
12:34:59 pm [vite] (client) [console.error] [vite] Failed to reload /src/pages/ForgotPassword.jsx. This could be due to syntax errors or importing non-existent modules. (see errors above)
12:35:13 pm [vite] (client) hmr update /src/index.css, /src/routes/AppRoutes.jsx
12:35:14 pm [vite] (client) [console.warn] You're attempting to animate multiple children within AnimatePresence, but its mode is set to "wait". This will lead to odd visual behaviour.
12:35:14 pm [vite] (client) [console.warn] You're attempting to animate multiple children within AnimatePresence, but its mode is set to "wait". This will lead to odd visual behaviour.
12:35:31 pm [vite] (client) hmr update /src/index.css, /src/context/AuthContext.jsx
12:35:31 pm [vite] (client) hmr invalidate /src/context/AuthContext.jsx Could not Fast Refresh ("AuthContext" export is incompatible). Learn more at https://github.com/vitejs/vite-plugin-react/tree/main/packages/plugin-react#consistent-components-exports
12:35:31 pm [vite] (client) hmr update /src/App.jsx, /src/routes/ProtectedRoute.jsx, /src/pages/VerifyEmail.jsx, /src/layouts/MainLayout.jsx, /src/auth/ForgotPassword.jsx, /src/auth/Login.jsx, /src/auth/Signup.jsx, /src/auth/GoogleLogin.jsx
12:35:32 pm [vite] (client) [console.warn] You're attempting to animate multiple children within AnimatePresence, but its mode is set to "wait". This will lead to odd visual behaviour.
12:35:32 pm [vite] (client) [console.warn] You're attempting to animate multiple children within AnimatePresence, but its mode is set to "wait". This will lead to odd visual behaviour.
12:38:06 pm [vite] (client) [console.warn] You're attempting to animate multiple children within AnimatePresence, but its mode is set to "wait". This will lead to odd visual behaviour.
12:38:06 pm [vite] (client) [console.warn] You're attempting to animate multiple children within AnimatePresence, but its mode is set to "wait". This will lead to odd visual behaviour.
12:38:17 pm [vite] (client) [console.warn] You're attempting to animate multiple children within AnimatePresence, but its mode is set to "wait". This will lead to odd visual behaviour.
12:38:17 pm [vite] (client) [console.warn] You're attempting to animate multiple children within AnimatePresence, but its mode is set to "wait". This will lead to odd visual behaviour.
12:38:29 pm [vite] (client) [console.warn] You're attempting to animate multiple children within AnimatePresence, but its mode is set to "wait". This will lead to odd visual behaviour.
12:38:29 pm [vite] (client) [console.warn] You're attempting to animate multiple children within AnimatePresence, but its mode is set to "wait". This will lead to odd visual behaviour.
12:39:29 pm [vite] (client) [console.warn] You're attempting to animate multiple children within AnimatePresence, but its mode is set to "wait". This will lead to odd visual behaviour.
12:39:29 pm [vite] (client) [console.warn] You're attempting to animate multiple children within AnimatePresence, but its mode is set to "wait". This will lead to odd visual behaviour.
12:39:30 pm [vite] (client) [console.warn] You're attempting to animate multiple children within AnimatePresence, but its mode is set to "wait". This will lead to odd visual behaviour.
12:39:30 pm [vite] (client) [console.warn] You're attempting to animate multiple children within AnimatePresence, but its mode is set to "wait". This will lead to odd visual behaviour.
12:39:31 pm [vite] (client) [console.warn] You're attempting to animate multiple children within AnimatePresence, but its mode is set to "wait". This will lead to odd visual behaviour.
12:39:31 pm [vite] (client) [console.warn] You're attempting to animate multiple children within AnimatePresence, but its mode is set to "wait". This will lead to odd visual behaviour.
12:39:32 pm [vite] (client) [console.warn] You're attempting to animate multiple children within AnimatePresence, but its mode is set to "wait". This will lead to odd visual behaviour.
12:39:32 pm [vite] (client) [console.warn] You're attempting to animate multiple children within AnimatePresence, but its mode is set to "wait". This will lead to odd visual behaviour.
12:46:09 pm [vite] (client) hmr update /src/index.css
12:47:10 pm [vite] (client) hmr update /src/index.css, /src/pages/Landing.jsx
12:47:10 pm [vite] (client) hmr invalidate /src/pages/Landing.jsx Could not Fast Refresh (new export)
12:47:10 pm [vite] (client) hmr update /src/routes/AppRoutes.jsx
12:47:11 pm [vite] (client) [console.warn] You're attempting to animate multiple children within AnimatePresence, but its mode is set to "wait". This will lead to odd visual behaviour.
12:47:11 pm [vite] (client) [console.warn] You're attempting to animate multiple children within AnimatePresence, but its mode is set to "wait". This will lead to odd visual behaviour.
12:47:20 pm [vite] (client) hmr update /src/index.css, /src/components/landing/Navbar.jsx
12:47:35 pm [vite] (client) hmr update /src/index.css, /src/components/landing/Hero.jsx
12:47:46 pm [vite] (client) hmr update /src/index.css, /src/components/landing/CaseStudies.jsx
12:47:47 pm [vite] (client) dependency optimized: react-parallax-tilt
12:47:47 pm [vite] (client) optimized dependencies changed. reloading
12:47:47 pm [vite] (client) hmr invalidate /src/components/landing/CaseStudies.jsx Could not Fast Refresh (new export)
12:47:47 pm [vite] (client) hmr update /src/pages/Landing.jsx
12:47:47 pm [vite] (client) [console.error] Invalid hook call. Hooks can only be called inside of the body of a function component. This could happen for one of the following reasons:
1. You might have mismatching versions of React and the renderer (such as React DOM)
2. You might be breaking the Rules of Hooks
3. You might have more than one copy of React in the same app
See https://react.dev/link/invalid-hook-call for tips about how to debug and fix this problem.
12:47:47 pm [vite] (client) [console.error] Invalid hook call. Hooks can only be called inside of the body of a function component. This could happen for one of the following reasons:
1. You might have mismatching versions of React and the renderer (such as React DOM)
2. You might be breaking the Rules of Hooks
3. You might have more than one copy of React in the same app
See https://react.dev/link/invalid-hook-call for tips about how to debug and fix this problem.
12:47:47 pm [vite] (client) [Unhandled error] TypeError: Cannot read properties of null (reading 'useState')
 > exports.useState node_modules/react/cjs/react.development.js:1263:33
 > Landing src/pages/Landing.jsx:23:36
    21 |  
    22 |  export default function Landing() {
    23 |    const [activeTab, setActiveTab] = useState('code');
       |                                      ^
    24 |  
    25 |    // Initialize Lenis Smooth Scroll
 > Object.react_stack_bottom_frame node_modules/react-dom/cjs/react-dom-client.development.js:25904:19
 > renderWithHooks node_modules/react-dom/cjs/react-dom-client.development.js:7662:21
 > updateFunctionComponent node_modules/react-dom/cjs/react-dom-client.development.js:10166:18
 > beginWork node_modules/react-dom/cjs/react-dom-client.development.js:11778:17
 > runWithFiberInDEV node_modules/react-dom/cjs/react-dom-client.development.js:871:29
 > performUnitOfWork node_modules/react-dom/cjs/react-dom-client.development.js:17641:21
 > workLoopSync node_modules/react-dom/cjs/react-dom-client.development.js:17469:40
 > renderRootSync node_modules/react-dom/cjs/react-dom-client.development.js:17450:10

12:47:47 pm [vite] (client) [console.warn] An error occurred in the <Landing> component.

Consider adding an error boundary to your tree to customize error handling behavior.
Visit https://react.dev/link/error-boundaries to learn more about error boundaries.

12:47:48 pm [vite] (client) [console.warn] You're attempting to animate multiple children within AnimatePresence, but its mode is set to "wait". This will lead to odd visual behaviour.
12:47:48 pm [vite] (client) [console.warn] You're attempting to animate multiple children within AnimatePresence, but its mode is set to "wait". This will lead to odd visual behaviour.
12:48:15 pm [vite] (client) hmr update /src/index.css, /src/pages/Profile.jsx
12:53:14 pm [vite] (client) [console.warn] You're attempting to animate multiple children within AnimatePresence, but its mode is set to "wait". This will lead to odd visual behaviour.
12:53:14 pm [vite] (client) [console.warn] You're attempting to animate multiple children within AnimatePresence, but its mode is set to "wait". This will lead to odd visual behaviour.
